// Jest Snapshot v1, https://goo.gl/fbAQLP

exports[`AboutPage AboutPage snapshot 1`] = `
Object {
  "asFragment": [Function],
  "baseElement": <body>
    <div>
      <div
        class="aboutPage"
      >
        <h1
          class="aboutPage__title"
        >
          About
        </h1>
        <p
          class="aboutPage__text"
        >
          Rick and Morty is an American animated television series created by Dan Harmon and Justin Roiland that premiered on December 2, 2013 on Cartoon Network's Adult Swim programming block. In Canada, it premiered on January 10, 2016 on the Canadian version of Cartoon Network's Adult Swim programming block.
          <p
            class="aboutPage__text"
          >
            The show's first season consists of 11 twenty-two minute episodes. After airing the first six episodes, [adult swim] renewed the show for a second season, consisting of 10 twenty-two minute episodes. The show was renewed for a third season, consisting of 10 twenty-two minute episodes that aired in the summer of 2017. As of Fall of 2019 Rick and Morty came back with a fourth season airing ten episodes with the first half of the season being air in 2019 and the second half after new years.
          </p>
          <p
            class="aboutPage__text"
          >
            The show was based on a series of crudely animated short films for Channel 101 based on a Back to the Future parody The Real Animated Adventures of Doc and Mharti by Justin Roiland.
          </p>
        </p>
      </div>
    </div>
  </body>,
  "container": <div>
    <div
      class="aboutPage"
    >
      <h1
        class="aboutPage__title"
      >
        About
      </h1>
      <p
        class="aboutPage__text"
      >
        Rick and Morty is an American animated television series created by Dan Harmon and Justin Roiland that premiered on December 2, 2013 on Cartoon Network's Adult Swim programming block. In Canada, it premiered on January 10, 2016 on the Canadian version of Cartoon Network's Adult Swim programming block.
        <p
          class="aboutPage__text"
        >
          The show's first season consists of 11 twenty-two minute episodes. After airing the first six episodes, [adult swim] renewed the show for a second season, consisting of 10 twenty-two minute episodes. The show was renewed for a third season, consisting of 10 twenty-two minute episodes that aired in the summer of 2017. As of Fall of 2019 Rick and Morty came back with a fourth season airing ten episodes with the first half of the season being air in 2019 and the second half after new years.
        </p>
        <p
          class="aboutPage__text"
        >
          The show was based on a series of crudely animated short films for Channel 101 based on a Back to the Future parody The Real Animated Adventures of Doc and Mharti by Justin Roiland.
        </p>
      </p>
    </div>
  </div>,
  "debug": [Function],
  "findAllByAltText": [Function],
  "findAllByDisplayValue": [Function],
  "findAllByLabelText": [Function],
  "findAllByPlaceholderText": [Function],
  "findAllByRole": [Function],
  "findAllByTestId": [Function],
  "findAllByText": [Function],
  "findAllByTitle": [Function],
  "findByAltText": [Function],
  "findByDisplayValue": [Function],
  "findByLabelText": [Function],
  "findByPlaceholderText": [Function],
  "findByRole": [Function],
  "findByTestId": [Function],
  "findByText": [Function],
  "findByTitle": [Function],
  "getAllByAltText": [Function],
  "getAllByDisplayValue": [Function],
  "getAllByLabelText": [Function],
  "getAllByPlaceholderText": [Function],
  "getAllByRole": [Function],
  "getAllByTestId": [Function],
  "getAllByText": [Function],
  "getAllByTitle": [Function],
  "getByAltText": [Function],
  "getByDisplayValue": [Function],
  "getByLabelText": [Function],
  "getByPlaceholderText": [Function],
  "getByRole": [Function],
  "getByTestId": [Function],
  "getByText": [Function],
  "getByTitle": [Function],
  "queryAllByAltText": [Function],
  "queryAllByDisplayValue": [Function],
  "queryAllByLabelText": [Function],
  "queryAllByPlaceholderText": [Function],
  "queryAllByRole": [Function],
  "queryAllByTestId": [Function],
  "queryAllByText": [Function],
  "queryAllByTitle": [Function],
  "queryByAltText": [Function],
  "queryByDisplayValue": [Function],
  "queryByLabelText": [Function],
  "queryByPlaceholderText": [Function],
  "queryByRole": [Function],
  "queryByTestId": [Function],
  "queryByText": [Function],
  "queryByTitle": [Function],
  "rerender": [Function],
  "unmount": [Function],
}
`;
